MAIN VIEW:
-tema scuro
-descrizione
-logo
-titolo più grande
-button grandi al centro della pagina
-linea che parte dal titolo

File vieW:


Db View:


ERORI
File View

Db View


LAYOUT
[fatto] - Eliminare Descrizione
[fatto] - Modifica descrizone
[fatto] - Campo distanza stessa dimensione delle altre
[fatto] - Messaggio di errore quando il server è spento
[?] - Quando si ricarica la pagina il tema diventa bianco(dovrebbe rimanere quello scelto)
[?] - Tema scuro di default